./run-test: SRILM/bin/macosx/make-google-ngrams: -f: bad interpreter: No such file or directory
