file ../ngram-count-gt/eval97.text: 5290 sentences, 38238 words, 681 OOVs
0 zeroprobs, logprob= -87336.2 ppl= 109.226 ppl1= 211.558
