SRILM/bin/rescore-decipher: line 406: gawk: command not found
SRILM/bin/rescore-decipher: line 384: gawk: command not found
SRILM/bin/rescore-decipher: line 384: gawk: command not found
SRILM/bin/rescore-decipher: line 384: gawk: command not found
SRILM/bin/rescore-decipher: line 384: gawk: command not found
reading 33110 1-grams
SRILM/bin/rescore-decipher: line 384: gawk: command not found
SRILM/bin/rescore-decipher: line 384: gawk: command not found
SRILM/bin/rescore-decipher: line 384: gawk: command not found
SRILM/bin/rescore-decipher: line 384: gawk: command not found
SRILM/bin/rescore-decipher: line 384: gawk: command not found
SRILM/bin/rescore-decipher: line 384: gawk: command not found
SRILM/bin/rescore-decipher: line 384: gawk: command not found
SRILM/bin/rescore-decipher: line 384: gawk: command not found
SRILM/bin/rescore-decipher: line 384: gawk: command not found
SRILM/bin/rescore-decipher: line 384: gawk: command not found
SRILM/bin/rescore-decipher: line 384: gawk: command not found
SRILM/bin/rescore-decipher: line 384: gawk: command not found
reading 425750 2-grams
SRILM/bin/rescore-decipher: line 384: gawk: command not found
SRILM/bin/rescore-decipher: line 384: gawk: command not found
SRILM/bin/rescore-decipher: line 384: gawk: command not found
SRILM/bin/rescore-decipher: line 384: gawk: command not found
SRILM/bin/rescore-decipher: line 384: gawk: command not found
SRILM/bin/rescore-decipher: line 384: gawk: command not found
SRILM/bin/rescore-decipher: line 384: gawk: command not found
SRILM/bin/rescore-decipher: line 384: gawk: command not found
SRILM/bin/rescore-decipher: line 384: gawk: command not found
SRILM/bin/rescore-decipher: line 384: gawk: command not found
SRILM/bin/rescore-decipher: line 384: gawk: command not found
SRILM/bin/rescore-decipher: line 384: gawk: command not found
SRILM/bin/rescore-decipher: line 384: gawk: command not found
SRILM/bin/rescore-decipher: line 384: gawk: command not found
SRILM/bin/rescore-decipher: line 384: gawk: command not found
SRILM/bin/rescore-decipher: line 384: gawk: command not found
SRILM/bin/rescore-decipher: line 384: gawk: command not found
SRILM/bin/rescore-decipher: line 384: gawk: command not found
SRILM/bin/rescore-decipher: line 384: gawk: command not found
SRILM/bin/rescore-decipher: line 384: gawk: command not found
SRILM/bin/rescore-decipher: line 384: gawk: command not found
SRILM/bin/rescore-decipher: line 384: gawk: command not found
SRILM/bin/rescore-decipher: line 384: gawk: command not found
SRILM/bin/rescore-decipher: line 384: gawk: command not found
SRILM/bin/rescore-decipher: line 384: gawk: command not found
SRILM/bin/rescore-decipher: line 384: gawk: command not found
SRILM/bin/rescore-decipher: line 384: gawk: command not found
SRILM/bin/rescore-decipher: line 384: gawk: command not found
SRILM/bin/rescore-decipher: line 384: gawk: command not found
SRILM/bin/rescore-decipher: line 384: gawk: command not found
SRILM/bin/rescore-decipher: line 384: gawk: command not found
SRILM/bin/rescore-decipher: line 384: gawk: command not found
SRILM/bin/rescore-decipher: line 384: gawk: command not found
SRILM/bin/rescore-decipher: line 384: gawk: command not found
SRILM/bin/rescore-decipher: line 384: gawk: command not found
SRILM/bin/rescore-decipher: line 384: gawk: command not found
SRILM/bin/rescore-decipher: line 384: gawk: command not found
SRILM/bin/rescore-decipher: line 384: gawk: command not found
SRILM/bin/rescore-decipher: line 384: gawk: command not found
SRILM/bin/rescore-decipher: line 384: gawk: command not found
SRILM/bin/rescore-decipher: line 384: gawk: command not found
SRILM/bin/rescore-decipher: line 384: gawk: command not found
SRILM/bin/rescore-decipher: line 384: gawk: command not found
SRILM/bin/rescore-decipher: line 384: gawk: command not found
SRILM/bin/rescore-decipher: line 384: gawk: command not found
SRILM/bin/rescore-decipher: line 384: gawk: command not found
SRILM/bin/rescore-decipher: line 384: gawk: command not found
SRILM/bin/rescore-decipher: line 384: gawk: command not found
SRILM/bin/rescore-decipher: line 384: gawk: command not found
reading 268962 3-grams
