name sw_40008_A_0015814_0016128
numaligns 4
posterior 0
align 0 that 0
reference 0 that
align 1 south 0
reference 1 south
align 2 street 0
reference 2 street
align 3 bridge 0
reference 3 bridge
