sw_40008_A_0003136_0003462 
sw_40008_A_0003654_0004241 
sw_40008_A_0004340_0004457 
sw_40008_A_0004577_0004913 
sw_40008_A_0004903_0005087 
sw_40008_A_0005188_0005508 
sw_40008_A_0005498_0005837 
sw_40008_A_0005946_0006191 
sw_40008_A_0006352_0006570 
sw_40008_A_0006920_0007092 
sw_40008_A_0007340_0007478 
sw_40008_A_0007577_0007798 
sw_40008_A_0008275_0008469 
sw_40008_A_0008458_0009001 
sw_40008_A_0009103_0009736 
sw_40008_A_0009726_0009869 
sw_40008_A_0009859_0010181 
sw_40008_A_0010336_0010950 
sw_40008_A_0010940_0011139 
sw_40008_A_0011128_0011419 
sw_40008_A_0011409_0011599 
sw_40008_A_0011706_0011953 
sw_40008_A_0012048_0012152 
sw_40008_A_0012376_0012559 
sw_40008_A_0013103_0014151 
sw_40008_A_0014140_0014400 
sw_40008_A_0014752_0014953 
sw_40008_A_0015271_0015405 
sw_40008_A_0015814_0016128 
sw_40008_A_0016636_0016827 
sw_40008_A_0016922_0017479 
sw_40008_A_0017469_0018121 
sw_40008_A_0018111_0018657 
sw_40008_A_0018940_0019116 
sw_40008_A_0019273_0019764 
sw_40008_A_0020241_0020392 
sw_40008_A_0020381_0020626 
sw_40008_A_0020615_0021064 
sw_40008_A_0021197_0022563 
sw_40008_A_0022772_0022949 
sw_40008_A_0023445_0023662 
sw_40008_A_0024220_0024402 
sw_40008_A_0024391_0024610 
sw_40008_A_0025080_0025522 
sw_40008_A_0025684_0025836 
sw_40008_A_0025941_0026086 
sw_40008_A_0026075_0026330 
sw_40008_A_0026319_0026703 
sw_40008_A_0026693_0027310 
sw_40008_A_0027475_0027814 
sw_40008_A_0027803_0028050 
sw_40008_A_0028152_0028295 
sw_40008_A_0028575_0028796 
sw_40008_A_0028785_0028932 
sw_40008_A_0029045_0029456 
sw_40008_A_0029988_0030938 
sw_40008_A_0030928_0031128 
sw_40008_A_0031245_0031532 
sw_40008_A_0031882_0032515 
sw_40008_A_0032505_0032663 
sw_40008_A_0033030_0033199 
sw_40008_A_0033189_0033694 
sw_40008_A_0033684_0034178 
sw_40008_A_0034168_0034310 
sw_40008_A_0034300_0034912 
