SRILM/bin/nbest-rover: SRILM/bin/macosx/nbest-posteriors: -f: bad interpreter: No such file or directory
SRILM/bin/nbest-rover: SRILM/bin/macosx/combine-acoustic-scores: -f: bad interpreter: No such file or directory
SRILM/bin/nbest-rover: SRILM/bin/macosx/combine-acoustic-scores: -f: bad interpreter: No such file or directory
SRILM/bin/nbest-rover: SRILM/bin/macosx/nbest-posteriors: -f: bad interpreter: No such file or directory
SRILM/bin/nbest-rover: SRILM/bin/macosx/nbest-posteriors: -f: bad interpreter: No such file or directory
SRILM/bin/nbest-rover: SRILM/bin/macosx/combine-acoustic-scores: -f: bad interpreter: No such file or directory
SRILM/bin/nbest-rover: SRILM/bin/macosx/nbest-posteriors: -f: bad interpreter: No such file or directory
SRILM/bin/nbest-rover: SRILM/bin/macosx/combine-acoustic-scores: -f: bad interpreter: No such file or directory
SRILM/bin/nbest-rover: SRILM/bin/macosx/nbest-posteriors: -f: bad interpreter: No such file or directory
SRILM/bin/nbest-rover: SRILM/bin/macosx/combine-acoustic-scores: -f: bad interpreter: No such file or directory
SRILM/bin/nbest-rover: SRILM/bin/macosx/nbest-posteriors: -f: bad interpreter: No such file or directory
SRILM/bin/nbest-rover: SRILM/bin/macosx/combine-acoustic-scores: -f: bad interpreter: No such file or directory
SRILM/bin/nbest-rover: SRILM/bin/macosx/nbest-posteriors: -f: bad interpreter: No such file or directory
SRILM/bin/nbest-rover: SRILM/bin/macosx/combine-acoustic-scores: -f: bad interpreter: No such file or directory
SRILM/bin/nbest-rover: SRILM/bin/macosx/nbest-posteriors: -f: bad interpreter: No such file or directory
SRILM/bin/nbest-rover: SRILM/bin/macosx/combine-acoustic-scores: -f: bad interpreter: No such file or directory
SRILM/bin/nbest-rover: SRILM/bin/macosx/nbest-posteriors: -f: bad interpreter: No such file or directory
SRILM/bin/nbest-rover: SRILM/bin/macosx/combine-acoustic-scores: -f: bad interpreter: No such file or directory
SRILM/bin/nbest-rover: SRILM/bin/macosx/nbest-posteriors: -f: bad interpreter: No such file or directory
SRILM/bin/nbest-rover: SRILM/bin/macosx/combine-acoustic-scores: -f: bad interpreter: No such file or directory
SRILM/bin/nbest-rover: SRILM/bin/macosx/nbest-posteriors: -f: bad interpreter: No such file or directory
SRILM/bin/nbest-rover: SRILM/bin/macosx/combine-acoustic-scores: -f: bad interpreter: No such file or directory
SRILM/bin/nbest-rover: SRILM/bin/macosx/nbest-posteriors: -f: bad interpreter: No such file or directory
SRILM/bin/nbest-rover: SRILM/bin/macosx/combine-acoustic-scores: -f: bad interpreter: No such file or directory
SRILM/bin/nbest-rover: SRILM/bin/macosx/nbest-posteriors: -f: bad interpreter: No such file or directory
SRILM/bin/nbest-rover: SRILM/bin/macosx/combine-acoustic-scores: -f: bad interpreter: No such file or directory
SRILM/bin/nbest-rover: SRILM/bin/macosx/nbest-posteriors: -f: bad interpreter: No such file or directory
SRILM/bin/nbest-rover: SRILM/bin/macosx/combine-acoustic-scores: -f: bad interpreter: No such file or directory
SRILM/bin/nbest-rover: SRILM/bin/macosx/nbest-posteriors: -f: bad interpreter: No such file or directory
SRILM/bin/nbest-rover: SRILM/bin/macosx/combine-acoustic-scores: -f: bad interpreter: No such file or directory
SRILM/bin/nbest-rover: SRILM/bin/macosx/nbest-posteriors: -f: bad interpreter: No such file or directory
SRILM/bin/nbest-rover: SRILM/bin/macosx/combine-acoustic-scores: -f: bad interpreter: No such file or directory
SRILM/bin/nbest-rover: SRILM/bin/macosx/nbest-posteriors: -f: bad interpreter: No such file or directory
SRILM/bin/nbest-rover: SRILM/bin/macosx/combine-acoustic-scores: -f: bad interpreter: No such file or directory
SRILM/bin/nbest-rover: SRILM/bin/macosx/nbest-posteriors: -f: bad interpreter: No such file or directory
SRILM/bin/nbest-rover: SRILM/bin/macosx/combine-acoustic-scores: -f: bad interpreter: No such file or directory
SRILM/bin/nbest-rover: SRILM/bin/macosx/nbest-posteriors: -f: bad interpreter: No such file or directory
SRILM/bin/nbest-rover: SRILM/bin/macosx/combine-acoustic-scores: -f: bad interpreter: No such file or directory
SRILM/bin/nbest-rover: SRILM/bin/macosx/nbest-posteriors: -f: bad interpreter: No such file or directory
SRILM/bin/nbest-rover: SRILM/bin/macosx/combine-acoustic-scores: -f: bad interpreter: No such file or directory
SRILM/bin/nbest-rover: SRILM/bin/macosx/nbest-posteriors: -f: bad interpreter: No such file or directory
SRILM/bin/nbest-rover: SRILM/bin/macosx/combine-acoustic-scores: -f: bad interpreter: No such file or directory
SRILM/bin/nbest-rover: SRILM/bin/macosx/nbest-posteriors: -f: bad interpreter: No such file or directory
SRILM/bin/nbest-rover: SRILM/bin/macosx/combine-acoustic-scores: -f: bad interpreter: No such file or directory
SRILM/bin/nbest-rover: SRILM/bin/macosx/nbest-posteriors: -f: bad interpreter: No such file or directory
SRILM/bin/nbest-rover: SRILM/bin/macosx/combine-acoustic-scores: -f: bad interpreter: No such file or directory
SRILM/bin/nbest-rover: SRILM/bin/macosx/nbest-posteriors: -f: bad interpreter: No such file or directory
SRILM/bin/nbest-rover: SRILM/bin/macosx/combine-acoustic-scores: -f: bad interpreter: No such file or directory
SRILM/bin/nbest-rover: SRILM/bin/macosx/nbest-posteriors: -f: bad interpreter: No such file or directory
SRILM/bin/nbest-rover: SRILM/bin/macosx/combine-acoustic-scores: -f: bad interpreter: No such file or directory
SRILM/bin/nbest-rover: SRILM/bin/macosx/nbest-posteriors: -f: bad interpreter: No such file or directory
SRILM/bin/nbest-rover: SRILM/bin/macosx/combine-acoustic-scores: -f: bad interpreter: No such file or directory
SRILM/bin/nbest-rover: SRILM/bin/macosx/nbest-posteriors: -f: bad interpreter: No such file or directory
SRILM/bin/nbest-rover: SRILM/bin/macosx/combine-acoustic-scores: -f: bad interpreter: No such file or directory
SRILM/bin/nbest-rover: SRILM/bin/macosx/nbest-posteriors: -f: bad interpreter: No such file or directory
SRILM/bin/nbest-rover: SRILM/bin/macosx/combine-acoustic-scores: -f: bad interpreter: No such file or directory
SRILM/bin/nbest-rover: SRILM/bin/macosx/nbest-posteriors: -f: bad interpreter: No such file or directory
SRILM/bin/nbest-rover: SRILM/bin/macosx/combine-acoustic-scores: -f: bad interpreter: No such file or directory
SRILM/bin/nbest-rover: SRILM/bin/macosx/nbest-posteriors: -f: bad interpreter: No such file or directory
SRILM/bin/nbest-rover: SRILM/bin/macosx/combine-acoustic-scores: -f: bad interpreter: No such file or directory
SRILM/bin/nbest-rover: SRILM/bin/macosx/nbest-posteriors: -f: bad interpreter: No such file or directory
SRILM/bin/nbest-rover: SRILM/bin/macosx/combine-acoustic-scores: -f: bad interpreter: No such file or directory
SRILM/bin/nbest-rover: SRILM/bin/macosx/nbest-posteriors: -f: bad interpreter: No such file or directory
SRILM/bin/nbest-rover: SRILM/bin/macosx/combine-acoustic-scores: -f: bad interpreter: No such file or directory
SRILM/bin/nbest-rover: SRILM/bin/macosx/nbest-posteriors: -f: bad interpreter: No such file or directory
SRILM/bin/nbest-rover: SRILM/bin/macosx/combine-acoustic-scores: -f: bad interpreter: No such file or directory
SRILM/bin/nbest-rover: SRILM/bin/macosx/nbest-posteriors: -f: bad interpreter: No such file or directory
SRILM/bin/nbest-rover: SRILM/bin/macosx/combine-acoustic-scores: -f: bad interpreter: No such file or directory
SRILM/bin/nbest-rover: SRILM/bin/macosx/nbest-posteriors: -f: bad interpreter: No such file or directory
SRILM/bin/nbest-rover: SRILM/bin/macosx/combine-acoustic-scores: -f: bad interpreter: No such file or directory
SRILM/bin/nbest-rover: SRILM/bin/macosx/nbest-posteriors: -f: bad interpreter: No such file or directory
SRILM/bin/nbest-rover: SRILM/bin/macosx/combine-acoustic-scores: -f: bad interpreter: No such file or directory
SRILM/bin/nbest-rover: SRILM/bin/macosx/nbest-posteriors: -f: bad interpreter: No such file or directory
SRILM/bin/nbest-rover: SRILM/bin/macosx/combine-acoustic-scores: -f: bad interpreter: No such file or directory
SRILM/bin/nbest-rover: SRILM/bin/macosx/nbest-posteriors: -f: bad interpreter: No such file or directory
SRILM/bin/nbest-rover: SRILM/bin/macosx/combine-acoustic-scores: -f: bad interpreter: No such file or directory
SRILM/bin/nbest-rover: SRILM/bin/macosx/nbest-posteriors: -f: bad interpreter: No such file or directory
SRILM/bin/nbest-rover: SRILM/bin/macosx/combine-acoustic-scores: -f: bad interpreter: No such file or directory
SRILM/bin/nbest-rover: SRILM/bin/macosx/nbest-posteriors: -f: bad interpreter: No such file or directory
ectory
                                                                                                                                               SRILM/bin/nbest-rover: SRILM/bin/macosx/nbest-posteriors: -f: bad interpreter: No such file or directory
SRILM/bin/nbest-rover: SRILM/bin/macosx/combine-acoustic-scores: -f: bad interpreter: No such file or directory
SRILM/bin/nbest-rover: SRILM/bin/macosx/nbest-posteriors: -f: bad interpreter: No such file or directory
SRILM/bin/nbest-rover: SRILM/bin/macosx/combine-acoustic-scores: -f: bad interpreter: No such file or directory
SRILM/bin/nbest-rover: SRILM/bin/macosx/nbest-posteriors: -f: bad interpreter: No such file or directory
SRILM/bin/nbest-rover: SRILM/bin/macosx/combine-acoustic-scores: -f: bad interpreter: No such file or directory
SRILM/bin/nbest-rover: SRILM/bin/macosx/nbest-posteriors: -f: bad interpreter: No such file or directory
SRILM/bin/nbest-rover: SRILM/bin/macosx/combine-acoustic-scores: -f: bad interpreter: No such file or directory
SRILM/bin/nbest-rover: SRILM/bin/macosx/nbest-posteriors: -f: bad interpreter: No such file or directory
SRILM/bin/nbest-rover: SRILM/bin/macosx/combine-acoustic-scores: -f: bad interpreter: No such file or directory
SRILM/bin/nbest-rover: SRILM/bin/macosx/nbest-posteriors: -f: bad interpreter: No such file or directory
SRILM/bin/nbest-rover: SRILM/bin/macosx/combine-acoustic-scores: -f: bad interpreter: No such file or directory
SRILM/bin/nbest-rover: SRILM/bin/macosx/nbest-posteriors: -f: bad interpreter: No such file or directory
SRILM/bin/nbest-rover: SRILM/bin/macosx/combine-acoustic-scores: -f: bad interpreter: No such file or directory
SRILM/bin/nbest-rover: SRILM/bin/macosx/nbest-posteriors: -f: bad interpreter: No such file or directory
SRILM/bin/nbest-rover: SRILM/bin/macosx/combine-acoustic-scores: -f: bad interpreter: No such file or directory
SRILM/bin/nbest-rover: SRILM/bin/macosx/nbest-posteriors: -f: bad interpreter: No such file or directory
SRILM/bin/nbest-rover: SRILM/bin/macosx/combine-acoustic-scores: -f: bad interpreter: No such file or directory
SRILM/bin/nbest-rover: SRILM/bin/macosx/nbest-posteriors: -f: bad interpreter: No such file or directory
SRILM/bin/nbest-rover: SRILM/bin/macosx/combine-acoustic-scores: -f: bad interpreter: No such file or directory
SRILM/bin/nbest-rover: SRILM/bin/macosx/nbest-posteriors: -f: bad interpreter: No such file or directory
SRILM/bin/nbest-rover: SRILM/bin/macosx/combine-acoustic-scores: -f: bad interpreter: No such file or directory
SRILM/bin/nbest-rover: SRILM/bin/macosx/nbest-posteriors: -f: bad interpreter: No such file or directory
SRILM/bin/nbest-rover: SRILM/bin/macosx/combine-acoustic-scores: -f: bad interpreter: No such file or directory
SRILM/bin/nbest-rover: SRILM/bin/macosx/nbest-posteriors: -f: bad interpreter: No such file or directory
SRILM/bin/nbest-rover: SRILM/bin/macosx/combine-acoustic-scores: -f: bad interpreter: No such file or directory
SRILM/bin/nbest-rover: SRILM/bin/macosx/nbest-posteriors: -f: bad interpreter: No such file or directory
SRILM/bin/nbest-rover: SRILM/bin/macosx/combine-acoustic-scores: -f: bad interpreter: No such file or directory
SRILM/bin/nbest-rover: SRILM/bin/macosx/nbest-posteriors: -f: bad interpreter: No such file or directory
SRILM/bin/nbest-rover: SRILM/bin/macosx/combine-acoustic-scores: -f: bad interpreter: No such file or directory
SRILM/bin/nbest-rover: SRILM/bin/macosx/nbest-posteriors: -f: bad interpreter: No such file or directory
SRILM/bin/nbest-rover: SRILM/bin/macosx/combine-acoustic-scores: -f: bad interpreter: No such file or directory
SRILM/bin/nbest-rover: SRILM/bin/macosx/nbest-posteriors: -f: bad interpreter: No such file or directory
SRILM/bin/nbest-rover: SRILM/bin/macosx/combine-acoustic-scores: -f: bad interpreter: No such file or directory
SRILM/bin/nbest-rover: SRILM/bin/macosx/nbest-posteriors: -f: bad interpreter: No such file or directory
SRILM/bin/nbest-rover: SRILM/bin/macosx/combine-acoustic-scores: -f: bad interpreter: No such file or directory
SRILM/bin/nbest-rover: SRILM/bin/macosx/nbest-posteriors: -f: bad interpreter: No such file or directory
SRILM/bin/nbest-rover: SRILM/bin/macosx/combine-acoustic-scores: -f: bad interpreter: No such file or directory
SRILM/bin/nbest-rover: SRILM/bin/macosx/nbest-posteriors: -f: bad interpreter: No such file or directory
SRILM/bin/nbest-rover: SRILM/bin/macosx/combine-acoustic-scores: -f: bad interpreter: No such file or directory
SRILM/bin/nbest-rover: SRILM/bin/macosx/nbest-posteriors: -f: bad interpreter: No such file or directory
SRILM/bin/nbest-rover: SRILM/bin/macosx/combine-acoustic-scores: -f: bad interpreter: No such file or directory
SRILM/bin/nbest-rover: SRILM/bin/macosx/nbest-posteriors: -f: bad interpreter: No such file or directory
SRILM/bin/nbest-rover: SRILM/bin/macosx/combine-acoustic-scores: -f: bad interpreter: No such file or directory
SRILM/bin/nbest-rover: SRILM/bin/macosx/nbest-posteriors: -f: bad interpreter: No such file or directory
SRILM/bin/nbest-rover: SRILM/bin/macosx/combine-acoustic-scores: -f: bad interpreter: No such file or directory
SRILM/bin/nbest-rover: SRILM/bin/macosx/nbest-posteriors: -f: bad interpreter: No such file or directory
SRILM/bin/nbest-rover: SRILM/bin/macosx/combine-acoustic-scores: -f: bad interpreter: No such file or directory
SRILM/bin/nbest-rover: SRILM/bin/macosx/nbest-posteriors: -f: bad interpreter: No such file or directory
SRILM/bin/nbest-rover: SRILM/bin/macosx/combine-acoustic-scores: -f: bad interpreter: No such file or directory
SRILM/bin/nbest-rover: line 253: gawk: command not found
