i was going to make some if you would tell me how to make them what do you what do you think
1 sentences, 22 words, 0 OOVs
0 zeroprobs, logprob= -31.9374 ppl= 24.4672 ppl1= 28.2944

you don't you don't know at all huh all right
1 sentences, 10 words, 0 OOVs
0 zeroprobs, logprob= -20.1232 ppl= 67.5122 ppl1= 102.878

file -: 2 sentences, 32 words, 0 OOVs
0 zeroprobs, logprob= -52.0606 ppl= 33.9778 ppl1= 42.354
