file ../ngram-count-gt/eval97.text: 5290 sentences, 38238 words, 960 OOVs
0 zeroprobs, logprob= -84528.7 ppl= 96.7686 ppl1= 185.15
