./run-test: SRILM/bin/macosx/subset-context-ngrams: -f: bad interpreter: No such file or directory
using WittenBell for 1-grams
using WittenBell for 2-grams
using WittenBell for 3-grams
warning: distributing 1 left-over probability mass over 33109 zeroton words
writing 33110 1-grams
writing 0 2-grams
writing 0 3-grams
