./run-test: SRILM/bin/macosx/make-hiddens-lm: -f: bad interpreter: No such file or directory
swbd.hiddens.3bo: line 0: reached EOF before \end\
format error in lm file
