file eval97.text: 5290 sentences, 38238 words, 681 OOVs
0 zeroprobs, logprob= -87336.4 ppl= 109.227 ppl1= 211.561
