reading 5227 1-grams
reading 12674 2-grams
reading 6488 3-grams
./run-test: SRILM/bin/macosx/filter-event-counts: -f: bad interpreter: No such file or directory
reading 5227 1-grams
reading 12674 2-grams
reading 6488 3-grams
